Archive member included to satisfy reference by file (symbol)

C:/NXP/S32DS.3.5/S32DS/build_tools/gcc_b1620/gcc-6.3-arm32-eabi/arm-none-eabi/newlib/lib/thumb/v7e-m/fpv4-sp/hard\libc_nano.a(lib_a-exit.o)
                              C:/NXP/S32DS.3.5/S32DS/build_tools/gcc_b1620/gcc-6.3-arm32-eabi/arm-none-eabi/newlib/lib/thumb/v7e-m/fpv4-sp/hard/rdimon-crt0-v2m.o (exit)
C:/NXP/S32DS.3.5/S32DS/build_tools/gcc_b1620/gcc-6.3-arm32-eabi/arm-none-eabi/newlib/lib/thumb/v7e-m/fpv4-sp/hard\libc_nano.a(lib_a-impure.o)
                              C:/NXP/S32DS.3.5/S32DS/build_tools/gcc_b1620/gcc-6.3-arm32-eabi/arm-none-eabi/newlib/lib/thumb/v7e-m/fpv4-sp/hard\libc_nano.a(lib_a-exit.o) (_global_impure_ptr)
C:/NXP/S32DS.3.5/S32DS/build_tools/gcc_b1620/gcc-6.3-arm32-eabi/arm-none-eabi/newlib/lib/thumb/v7e-m/fpv4-sp/hard\libc_nano.a(lib_a-init.o)
                              C:/NXP/S32DS.3.5/S32DS/build_tools/gcc_b1620/gcc-6.3-arm32-eabi/arm-none-eabi/newlib/lib/thumb/v7e-m/fpv4-sp/hard/rdimon-crt0-v2m.o (__libc_init_array)
C:/NXP/S32DS.3.5/S32DS/build_tools/gcc_b1620/gcc-6.3-arm32-eabi/arm-none-eabi/newlib/lib/thumb/v7e-m/fpv4-sp/hard\libc_nano.a(lib_a-memset.o)
                              C:/NXP/S32DS.3.5/S32DS/build_tools/gcc_b1620/gcc-6.3-arm32-eabi/arm-none-eabi/newlib/lib/thumb/v7e-m/fpv4-sp/hard/rdimon-crt0-v2m.o (memset)
C:/NXP/S32DS.3.5/S32DS/build_tools/gcc_b1620/gcc-6.3-arm32-eabi/arm-none-eabi/newlib/lib/thumb/v7e-m/fpv4-sp/hard\librdimon_nano.a(rdimon-syscalls.o)
                              C:/NXP/S32DS.3.5/S32DS/build_tools/gcc_b1620/gcc-6.3-arm32-eabi/arm-none-eabi/newlib/lib/thumb/v7e-m/fpv4-sp/hard/rdimon-crt0-v2m.o (initialise_monitor_handles)
C:/NXP/S32DS.3.5/S32DS/build_tools/gcc_b1620/gcc-6.3-arm32-eabi/arm-none-eabi/newlib/lib/thumb/v7e-m/fpv4-sp/hard\librdimon_nano.a(rdimon-_exit.o)
                              C:/NXP/S32DS.3.5/S32DS/build_tools/gcc_b1620/gcc-6.3-arm32-eabi/arm-none-eabi/newlib/lib/thumb/v7e-m/fpv4-sp/hard\libc_nano.a(lib_a-exit.o) (_exit)
C:/NXP/S32DS.3.5/S32DS/build_tools/gcc_b1620/gcc-6.3-arm32-eabi/arm-none-eabi/newlib/lib/thumb/v7e-m/fpv4-sp/hard\librdimon_nano.a(rdimon-_kill.o)
                              C:/NXP/S32DS.3.5/S32DS/build_tools/gcc_b1620/gcc-6.3-arm32-eabi/arm-none-eabi/newlib/lib/thumb/v7e-m/fpv4-sp/hard\librdimon_nano.a(rdimon-_exit.o) (_kill_shared)
C:/NXP/S32DS.3.5/S32DS/build_tools/gcc_b1620/gcc-6.3-arm32-eabi/arm-none-eabi/newlib/lib/thumb/v7e-m/fpv4-sp/hard\libc_nano.a(lib_a-errno.o)
                              C:/NXP/S32DS.3.5/S32DS/build_tools/gcc_b1620/gcc-6.3-arm32-eabi/arm-none-eabi/newlib/lib/thumb/v7e-m/fpv4-sp/hard\librdimon_nano.a(rdimon-syscalls.o) (__errno)
C:/NXP/S32DS.3.5/S32DS/build_tools/gcc_b1620/gcc-6.3-arm32-eabi/arm-none-eabi/newlib/lib/thumb/v7e-m/fpv4-sp/hard\libc_nano.a(lib_a-findfp.o)
                              C:/NXP/S32DS.3.5/S32DS/build_tools/gcc_b1620/gcc-6.3-arm32-eabi/arm-none-eabi/newlib/lib/thumb/v7e-m/fpv4-sp/hard\librdimon_nano.a(rdimon-syscalls.o) (__sinit)
C:/NXP/S32DS.3.5/S32DS/build_tools/gcc_b1620/gcc-6.3-arm32-eabi/arm-none-eabi/newlib/lib/thumb/v7e-m/fpv4-sp/hard\libc_nano.a(lib_a-fwalk.o)
                              C:/NXP/S32DS.3.5/S32DS/build_tools/gcc_b1620/gcc-6.3-arm32-eabi/arm-none-eabi/newlib/lib/thumb/v7e-m/fpv4-sp/hard\libc_nano.a(lib_a-findfp.o) (_fwalk_reent)
C:/NXP/S32DS.3.5/S32DS/build_tools/gcc_b1620/gcc-6.3-arm32-eabi/arm-none-eabi/newlib/lib/thumb/v7e-m/fpv4-sp/hard\libc_nano.a(lib_a-nano-mallocr.o)
                              C:/NXP/S32DS.3.5/S32DS/build_tools/gcc_b1620/gcc-6.3-arm32-eabi/arm-none-eabi/newlib/lib/thumb/v7e-m/fpv4-sp/hard\libc_nano.a(lib_a-findfp.o) (_malloc_r)
C:/NXP/S32DS.3.5/S32DS/build_tools/gcc_b1620/gcc-6.3-arm32-eabi/arm-none-eabi/newlib/lib/thumb/v7e-m/fpv4-sp/hard\libc_nano.a(lib_a-sbrkr.o)
                              C:/NXP/S32DS.3.5/S32DS/build_tools/gcc_b1620/gcc-6.3-arm32-eabi/arm-none-eabi/newlib/lib/thumb/v7e-m/fpv4-sp/hard\libc_nano.a(lib_a-nano-mallocr.o) (_sbrk_r)
C:/NXP/S32DS.3.5/S32DS/build_tools/gcc_b1620/gcc-6.3-arm32-eabi/arm-none-eabi/newlib/lib/thumb/v7e-m/fpv4-sp/hard\libc_nano.a(lib_a-stdio.o)
                              C:/NXP/S32DS.3.5/S32DS/build_tools/gcc_b1620/gcc-6.3-arm32-eabi/arm-none-eabi/newlib/lib/thumb/v7e-m/fpv4-sp/hard\libc_nano.a(lib_a-findfp.o) (__sread)
C:/NXP/S32DS.3.5/S32DS/build_tools/gcc_b1620/gcc-6.3-arm32-eabi/arm-none-eabi/newlib/lib/thumb/v7e-m/fpv4-sp/hard\libc_nano.a(lib_a-strlen.o)
                              C:/NXP/S32DS.3.5/S32DS/build_tools/gcc_b1620/gcc-6.3-arm32-eabi/arm-none-eabi/newlib/lib/thumb/v7e-m/fpv4-sp/hard\librdimon_nano.a(rdimon-syscalls.o) (strlen)
C:/NXP/S32DS.3.5/S32DS/build_tools/gcc_b1620/gcc-6.3-arm32-eabi/arm-none-eabi/newlib/lib/thumb/v7e-m/fpv4-sp/hard\libc_nano.a(lib_a-writer.o)
[...]
Memory Configuration

Name             Origin             Length             Attributes
m_interrupts     0x00000000         0x00000400         xr
m_flash_config   0x00000400         0x00000010         xr
m_text           0x00000410         0x0007fbf0         xr
m_data           0x1fff8000         0x00008000         rw
m_data_2         0x20000000         0x00007000         rw
*default*        0x00000000         0xffffffff

Linker script and memory map

LOAD c:/nxp/s32ds.3.5/s32ds/build_tools/gcc_b1620/gcc-6.3-arm32-eabi/bin/../lib/gcc/arm-none-eabi/6.3.1/thumb/v7e-m/fpv4-sp/hard/crti.o
LOAD c:/nxp/s32ds.3.5/s32ds/build_tools/gcc_b1620/gcc-6.3-arm32-eabi/bin/../lib/gcc/arm-none-eabi/6.3.1/thumb/v7e-m/fpv4-sp/hard/crtbegin.o
LOAD C:/NXP/S32DS.3.5/S32DS/build_tools/gcc_b1620/gcc-6.3-arm32-eabi/arm-none-eabi/newlib/lib/thumb/v7e-m/fpv4-sp/hard/rdimon-crt0-v2m.o
LOAD ./Project_Settings/Startup_Code/startup_S32K144.o
LOAD ./SDK/platform/devices/S32K144/startup/system_S32K144.o
LOAD ./SDK/platform/devices/startup.o
LOAD ./SDK/platform/drivers/src/clock/S32K1xx/clock_S32K1xx.o
LOAD ./SDK/platform/drivers/src/interrupt/interrupt_manager.o
LOAD ./SDK/platform/drivers/src/pins/pins_driver.o
LOAD ./SDK/platform/drivers/src/pins/pins_port_hw_access.o
LOAD ./board/clock_config.o
LOAD ./board/edma_driver.o
LOAD ./board/edma_hw_access.o
LOAD ./board/edma_irq.o
LOAD ./board/list.o
LOAD ./board/lpi2c_driver.o
LOAD ./board/lpi2c_hw_access.o
LOAD ./board/lpi2c_irq.o
LOAD ./board/osif_baremetal.o
LOAD ./board/peripherals_edma_config_1.o
LOAD ./board/peripherals_lpi2c_config_1.o
LOAD ./board/peripherals_osif_1.o
LOAD ./board/pin_mux.o
LOAD ./src/main.o
START GROUP
LOAD c:/nxp/s32ds.3.5/s32ds/build_tools/gcc_b1620/gcc-6.3-arm32-eabi/bin/../lib/gcc/arm-none-eabi/6.3.1/thumb/v7e-m/fpv4-sp/hard\libgcc.a
LOAD C:/NXP/S32DS.3.5/S32DS/build_tools/gcc_b1620/gcc-6.3-arm32-eabi/arm-none-eabi/newlib/lib/thumb/v7e-m/fpv4-sp/hard\libc_nano.a
END GROUP
START GROUP
LOAD c:/nxp/s32ds.3.5/s32ds/build_tools/gcc_b1620/gcc-6.3-arm32-eabi/bin/../lib/gcc/arm-none-eabi/6.3.1/thumb/v7e-m/fpv4-sp/hard\libgcc.a
LOAD C:/NXP/S32DS.3.5/S32DS/build_tools/gcc_b1620/gcc-6.3-arm32-eabi/arm-none-eabi/newlib/lib/thumb/v7e-m/fpv4-sp/hard\libc_nano.a
END GROUP
START GROUP
LOAD c:/nxp/s32ds.3.5/s32ds/build_tools/gcc_b1620/gcc-6.3-arm32-eabi/bin/../lib/gcc/arm-none-eabi/6.3.1/thumb/v7e-m/fpv4-sp/hard\libgcc.a
LOAD C:/NXP/S32DS.3.5/S32DS/build_tools/gcc_b1620/gcc-6.3-arm32-eabi/arm-none-eabi/newlib/lib/thumb/v7e-m/fpv4-sp/hard\libc_nano.a
LOAD C:/NXP/S32DS.3.5/S32DS/build_tools/gcc_b1620/gcc-6.3-arm32-eabi/arm-none-eabi/newlib/lib/thumb/v7e-m/fpv4-sp/hard\librdimon_nano.a
END GROUP
LOAD c:/nxp/s32ds.3.5/s32ds/build_tools/gcc_b1620/gcc-6.3-arm32-eabi/bin/../lib/gcc/arm-none-eabi/6.3.1/thumb/v7e-m/fpv4-sp/hard/crtend.o
LOAD c:/nxp/s32ds.3.5/s32ds/build_tools/gcc_b1620/gcc-6.3-arm32-eabi/bin/../lib/gcc/arm-none-eabi/6.3.1/thumb/v7e-m/fpv4-sp/hard/crtn.o
                0x00000400                HEAP_SIZE = DEFINED (__heap_size__)?__heap_size__:0x400
                0x00000400                STACK_SIZE = DEFINED (__stack_size__)?__stack_size__:0x400
                0x00000400                M_VECTOR_RAM_SIZE = DEFINED (__flash_vector_table__)?0x0:0x400

.interrupts     0x00000000      0x400
                0x00000000                __VECTOR_TABLE = .
                0x00000000                __interrupts_start__ = .
                0x00000000                . = ALIGN (0x4)
 *(.isr_vector)
 .isr_vector    0x00000000      0x400 ./Project_Settings/Startup_Code/startup_S32K144.o
                0x00000000                __isr_vector
                0x00000400                __interrupts_end__ = .
                0x00000400                . = ALIGN (0x4)

.flash_config   0x00000400       0x10
                0x00000400                . = ALIGN (0x4)
 *(.FlashConfig)
 .FlashConfig   0x00000400       0x10 ./Project_Settings/Startup_Code/startup_S32K144.o
                0x00000410                . = ALIGN (0x4)

.text           0x00000410     0x2de8
                0x00000410                . = ALIGN (0x4)
 *(.text)
 .text          0x00000410       0x4c ./Project_Settings/Startup_Code/startup_S32K144.o
                0x00000410                Reset_Handler
                0x00000458                DebugMon_Handler
                0x00000458                Reserved88_IRQHandler
                0x00000458                CAN0_ORed_IRQHandler
                0x00000458                HardFault_Handler
                0x00000458                Reserved86_IRQHandler
                0x00000458                Reserved103_IRQHandler
                0x00000458                FTM2_Ovf_Reload_IRQHandler
                0x00000458                Reserved50_IRQHandler
                0x00000458                FTFC_Fault_IRQHandler
                0x00000458                FTM0_Ch6_Ch7_IRQHandler
                0x00000458                Reserved114_IRQHandler
                0x00000458                PendSV_Handler
                0x00000458                NMI_Handler
                0x00000458                Reserved89_IRQHandler
                0x00000458                ERM_double_fault_IRQHandler
                0x00000458                Reserved59_IRQHandler
                0x00000458                LPIT0_Ch0_IRQHandler
                0x00000458                Reserved99_IRQHandler
                0x00000458                FTM3_Ch6_Ch7_IRQHandler
                0x00000458                CAN2_ORed_0_15_MB_IRQHandler
                0x00000458                LPIT0_Ch3_IRQHandler
                0x00000458                Reserved92_IRQHandler
                0x00000458                FTM0_Ch4_Ch5_IRQHandler
                0x00000458                CAN1_Error_IRQHandler
                0x00000458                FTM3_Ch0_Ch1_IRQHandler
                0x00000458                SWI_IRQHandler
                0x00000458                ADC0_IRQHandler
                0x00000458                FTM2_Ch4_Ch5_IRQHandler
                0x00000458                UsageFault_Handler
                0x00000458                FTM0_Ovf_Reload_IRQHandler
                0x00000458                DefaultISR
                0x00000458                Reserved58_IRQHandler
                0x00000458                CAN1_ORed_0_15_MB_IRQHandler
                0x00000458                FTM1_Ch2_Ch3_IRQHandler
                0x00000458                Reserved82_IRQHandler
                0x00000458                CAN0_ORed_16_31_MB_IRQHandler
                0x00000458                Reserved71_IRQHandler
                0x00000458                PORTD_IRQHandler
                0x00000458                Reserved69_IRQHandler
                0x00000458                PORTB_IRQHandler
                0x00000458                Reserved70_IRQHandler
                0x00000458                ADC1_IRQHandler
                0x00000458                FTM2_Ch2_Ch3_IRQHandler
                0x00000458                Reserved53_IRQHandler
                0x00000458                RTC_IRQHandler
                0x00000458                PDB0_IRQHandler
                0x00000458                Reserved54_IRQHandler
                0x00000458                FTM2_Ch6_Ch7_IRQHandler
                0x00000458                FTM3_Ch2_Ch3_IRQHandler
                0x00000458                FTM2_Ch0_Ch1_IRQHandler
                0x00000458                LPSPI1_IRQHandler
                0x00000458                LPUART1_RxTx_IRQHandler
                0x00000458                RTC_Seconds_IRQHandler
                0x00000458                CAN2_ORed_IRQHandler
                0x00000458                Reserved72_IRQHandler
                0x00000458                Reserved110_IRQHandler
                0x00000458                Reserved107_IRQHandler
                0x00000458                Read_Collision_IRQHandler
                0x00000458                CAN2_Error_IRQHandler
                0x00000458                FTFC_IRQHandler
                0x00000458                FTM1_Ch6_Ch7_IRQHandler
                0x00000458                Reserved105_IRQHandler
                0x00000458                LPIT0_Ch1_IRQHandler
                0x00000458                FTM1_Ch4_Ch5_IRQHandler
                0x00000458                FTM3_Ovf_Reload_IRQHandler
                0x00000458                LPUART2_RxTx_IRQHandler
                0x00000458                LPSPI0_IRQHandler
                0x00000458                WDOG_EWM_IRQHandler
                0x00000458                MemManage_Handler
                0x00000458                Reserved90_IRQHandler
                0x00000458                Reserved83_IRQHandler
                0x00000458                FTM0_Fault_IRQHandler
                0x00000458                Reserved48_IRQHandler
                0x00000458                SVC_Handler
                0x00000458                ERM_single_fault_IRQHandler
                0x00000458                FTM2_Fault_IRQHandler
                0x00000458                FTM0_Ch2_Ch3_IRQHandler
                0x00000458                FTM0_Ch0_Ch1_IRQHandler
                0x00000458                FTM3_Fault_IRQHandler
                0x00000458                RCM_IRQHandler
                0x00000458                Reserved100_IRQHandler
                0x00000458                Reserved91_IRQHandler
                0x00000458                CAN1_ORed_IRQHandler
                0x00000458                SCG_IRQHandler
                0x00000458                PDB1_IRQHandler
                0x00000458                Reserved81_IRQHandler
                0x00000458                Reserved46_IRQHandler
                0x00000458                Reserved45_IRQHandler
                0x00000458                CAN0_Error_IRQHandler
                0x00000458                Reserved112_IRQHandler
                0x00000458                FTM1_Fault_IRQHandler
                0x00000458                Reserved106_IRQHandler
                0x00000458                LVD_LVW_IRQHandler
                0x00000458                LPIT0_Ch2_IRQHandler
                0x00000458                PORTA_IRQHandler
                0x00000458                MCM_IRQHandler
                0x00000458                LPSPI2_IRQHandler
                0x00000458                FTM3_Ch4_Ch5_IRQHandler
                0x00000458                CAN0_ORed_0_15_MB_IRQHandler
                0x00000458                PORTE_IRQHandler
                0x00000458                LPUART0_RxTx_IRQHandler
                0x00000458                LPTMR0_IRQHandler
                0x00000458                BusFault_Handler
                0x00000458                Reserved87_IRQHandler
                0x00000458                FTM1_Ovf_Reload_IRQHandler
                0x00000458                Reserved93_IRQHandler
                0x00000458                CAN0_Wake_Up_IRQHandler
                0x00000458                CMP0_IRQHandler
                0x00000458                Reserved52_IRQHandler
                0x00000458                PORTC_IRQHandler
                0x00000458                FTM1_Ch0_Ch1_IRQHandler
                0x00000458                FLEXIO_IRQHandler
                0x00000458                Reserved113_IRQHandler
 *(.text*)
 .text.SystemInit
                0x0000045c       0x3c ./SDK/platform/devices/S32K144/startup/system_S32K144.o
                0x0000045c                SystemInit
 .text.init_data_bss
                0x00000498       0xd8 ./SDK/platform/devices/startup.o
                0x00000498                init_data_bss
 .text.CLOCK_SYS_GetCurrentRunMode
                0x00000570       0x24 ./SDK/platform/drivers/src/clock/S32K1xx/clock_S32K1xx.o
 .text.CLOCK_SYS_GetSysOscFreq
                0x00000594       0x1c ./SDK/platform/drivers/src/clock/S32K1xx/clock_S32K1xx.o
 .text.CLOCK_SYS_ConfigureSOSC
                0x000005b0      0x12c ./SDK/platform/drivers/src/clock/S32K1xx/clock_S32K1xx.o
 .text.CLOCK_SYS_GetSircFreq
                0x000006dc       0x2c ./SDK/platform/drivers/src/clock/S32K1xx/clock_S32K1xx.o
 .text.CLOCK_SYS_ConfigureSIRC
                0x00000708       0xc4 ./SDK/platform/drivers/src/clock/S32K1xx/clock_S32K1xx.o
 .text.CLOCK_SYS_GetFircFreq
                0x000007cc       0x20 ./SDK/platform/drivers/src/clock/S32K1xx/clock_S32K1xx.o
 .text.CLOCK_SYS_ConfigureFIRC
                0x000007ec       0xb4 ./SDK/platform/drivers/src/clock/S32K1xx/clock_S32K1xx.o
 .text.CLOCK_SYS_GetSysPllFreq
                0x000008a0       0x44 ./SDK/platform/drivers/src/clock/S32K1xx/clock_S32K1xx.o
 .text.CLOCK_SYS_ConfigureSPLL
                0x000008e4      0x104 ./SDK/platform/drivers/src/clock/S32K1xx/clock_S32K1xx.o
 .text.CLOCK_SYS_SetSystemClockConfig
                0x000009e8      0x1e4 ./SDK/platform/drivers/src/clock/S32K1xx/clock_S32K1xx.o
 .text.CLOCK_SYS_TransitionSystemClock
                0x00000bcc       0x3c ./SDK/platform/drivers/src/clock/S32K1xx/clock_S32K1xx.o
 .text.CLOCK_SYS_GetSystemClockFreq
                0x00000c08       0x78 ./SDK/platform/drivers/src/clock/S32K1xx/clock_S32K1xx.o
 .text.CLOCK_SYS_GetScgClkOutFreq
                0x00000c80       0x48 ./SDK/platform/drivers/src/clock/S32K1xx/clock_S32K1xx.o
 .text.CLOCK_SYS_GetSysAsyncFreq
                0x00000cc8       0xdc ./SDK/platform/drivers/src/clock/S32K1xx/clock_S32K1xx.o
 .text.CLOCK_SYS_GetSimRtcClkFreq
                0x00000da4       0x50 ./SDK/platform/drivers/src/clock/S32K1xx/clock_S32K1xx.o
 .text.CLOCK_SYS_GetLpoFreq
                0x00000df4       0x4c ./SDK/platform/drivers/src/clock/S32K1xx/clock_S32K1xx.o
 .text.CLOCK_SYS_GetSimClkOutFreq
                0x00000e40       0xac ./SDK/platform/drivers/src/clock/S32K1xx/clock_S32K1xx.o
 .text.CLOCK_SYS_GetSimClockFreq
                0x00000eec      0x1a8 ./SDK/platform/drivers/src/clock/S32K1xx/clock_S32K1xx.o
 .text.CLOCK_SYS_GetPeripheralClock
                0x00001094       0xcc ./SDK/platform/drivers/src/clock/S32K1xx/clock_S32K1xx.o
 .text.CLOCK_DRV_Init
                0x00001160      0x618 ./SDK/platform/drivers/src/clock/S32K1xx/clock_S32K1xx.o
                0x00001160                CLOCK_DRV_Init
 .text.CLOCK_DRV_GetFreq
                0x00001778      0x230 ./SDK/platform/drivers/src/clock/S32K1xx/clock_S32K1xx.o
                0x00001778                CLOCK_DRV_GetFreq
 .text.CLOCK_SYS_GetFreq
                0x000019a8        0x8 ./SDK/platform/drivers/src/clock/S32K1xx/clock_S32K1xx.o
                0x000019a8                CLOCK_SYS_GetFreq
 .text.INT_SYS_EnableIRQ
                0x000019b0       0x18 ./SDK/platform/drivers/src/interrupt/interrupt_manager.o
                0x000019b0                INT_SYS_EnableIRQ
 .text.INT_SYS_EnableIRQGlobal
                0x000019c8       0x1c ./SDK/platform/drivers/src/interrupt/interrupt_manager.o
                0x000019c8                INT_SYS_EnableIRQGlobal
 .text.INT_SYS_DisableIRQGlobal
                0x000019e4       0x10 ./SDK/platform/drivers/src/interrupt/interrupt_manager.o
                0x000019e4                INT_SYS_DisableIRQGlobal
 .text.PINS_DRV_Init
                0x000019f4       0x20 ./SDK/platform/drivers/src/pins/pins_driver.o
                0x000019f4                PINS_DRV_Init
 .text.PINS_GetAdcInterleaveVal
                0x00001a14       0x6c ./SDK/platform/drivers/src/pins/pins_port_hw_access.o
 .text.PINS_Init
                0x00001a80      0x114 ./SDK/platform/drivers/src/pins/pins_port_hw_access.o
                0x00001a80                PINS_Init
 .text.EDMA_DRV_InstallCallback
                0x00001b94       0x20 ./board/edma_driver.o
                0x00001b94                EDMA_DRV_InstallCallback
 .text.EDMA_DRV_IRQHandler
                0x00001bb4       0x2c ./board/edma_driver.o
                0x00001bb4                EDMA_DRV_IRQHandler
 .text.EDMA_DRV_ErrorIRQHandler
                0x00001be0       0x3c ./board/edma_driver.o
                0x00001be0                EDMA_DRV_ErrorIRQHandler
 .text.EDMA_DRV_ConfigSingleBlockTransfer
                0x00001c1c      0x154 ./board/edma_driver.o
                0x00001c1c                EDMA_DRV_ConfigSingleBlockTransfer
 .text.EDMA_DRV_ConfigMultiBlockTransfer
                0x00001d70       0x64 ./board/edma_driver.o
                0x00001d70                EDMA_DRV_ConfigMultiBlockTransfer
 .text.EDMA_DRV_StartChannel
                0x00001dd4       0x18 ./board/edma_driver.o
                0x00001dd4                EDMA_DRV_StartChannel
 .text.EDMA_DRV_StopChannel
                0x00001dec       0x18 ./board/edma_driver.o
                0x00001dec                EDMA_DRV_StopChannel
 .text.EDMA_DRV_SetChannelRequestAndTrigger
                0x00001e04       0x44 ./board/edma_driver.o
                0x00001e04                EDMA_DRV_SetChannelRequestAndTrigger
 .text.EDMA_DRV_SetSrcLastAddrAdjustment
                0x00001e48       0x16 ./board/edma_driver.o
                0x00001e48                EDMA_DRV_SetSrcLastAddrAdjustment
 .text.EDMA_DRV_DisableRequestsOnTransferComplete
                0x00001e5e       0x38 ./board/edma_driver.o
                0x00001e5e                EDMA_DRV_DisableRequestsOnTransferComplete
 *fill*         0x00001e96        0x2 
 .text.EDMA_DRV_GetDmaRegBaseAddr
                0x00001e98        0x8 ./board/edma_driver.o
                0x00001e98                EDMA_DRV_GetDmaRegBaseAddr
 .text.EDMA_SetDmaRequestCmd
                0x00001ea0        0xa ./board/edma_hw_access.o
                0x00001ea0                EDMA_SetDmaRequestCmd
 .text.EDMA_TCDClearReg
                0x00001eaa       0x4a ./board/edma_hw_access.o
                0x00001eaa                EDMA_TCDClearReg
 .text.EDMA_TCDSetAttribute
                0x00001ef4       0x30 ./board/edma_hw_access.o
                0x00001ef4                EDMA_TCDSetAttribute
 .text.EDMA_TCDSetNbytes
                0x00001f24       0x5c ./board/edma_hw_access.o
                0x00001f24                EDMA_TCDSetNbytes
 .text.EDMA_TCDSetMajorCount
                0x00001f80       0x5e ./board/edma_hw_access.o
                0x00001f80                EDMA_TCDSetMajorCount
 .text.DMA0_IRQHandler
                0x00001fde        0xa ./board/edma_irq.o
                0x00001fde                DMA0_IRQHandler
 .text.DMA1_IRQHandler
                0x00001fe8        0xa ./board/edma_irq.o
                0x00001fe8                DMA1_IRQHandler
 .text.DMA2_IRQHandler
                0x00001ff2        0xa ./board/edma_irq.o
                0x00001ff2                DMA2_IRQHandler
 .text.DMA3_IRQHandler
                0x00001ffc        0xa ./board/edma_irq.o
                0x00001ffc                DMA3_IRQHandler
 .text.DMA4_IRQHandler
                0x00002006        0xa ./board/edma_irq.o
                0x00002006                DMA4_IRQHandler
 .text.DMA5_IRQHandler
                0x00002010        0xa ./board/edma_irq.o
                0x00002010                DMA5_IRQHandler
 .text.DMA6_IRQHandler
                0x0000201a        0xa ./board/edma_irq.o
                0x0000201a                DMA6_IRQHandler
 .text.DMA7_IRQHandler
                0x00002024        0xa ./board/edma_irq.o
                0x00002024                DMA7_IRQHandler
 .text.DMA8_IRQHandler
                0x0000202e        0xa ./board/edma_irq.o
                0x0000202e                DMA8_IRQHandler
 .text.DMA9_IRQHandler
                0x00002038        0xa ./board/edma_irq.o
                0x00002038                DMA9_IRQHandler
 .text.DMA10_IRQHandler
                0x00002042        0xa ./board/edma_irq.o
                0x00002042                DMA10_IRQHandler
 .text.DMA11_IRQHandler
                0x0000204c        0xa ./board/edma_irq.o
                0x0000204c                DMA11_IRQHandler
 .text.DMA12_IRQHandler
                0x00002056        0xa ./board/edma_irq.o
                0x00002056                DMA12_IRQHandler
 .text.DMA13_IRQHandler
                0x00002060        0xa ./board/edma_irq.o
                0x00002060                DMA13_IRQHandler
 .text.DMA14_IRQHandler
                0x0000206a        0xa ./board/edma_irq.o
                0x0000206a                DMA14_IRQHandler
 .text.DMA15_IRQHandler
                0x00002074        0xa ./board/edma_irq.o
                0x00002074                DMA15_IRQHandler
 .text.DMA_Error_IRQHandler
                0x0000207e       0x28 ./board/edma_irq.o
                0x0000207e                DMA_Error_IRQHandler
 .text.LPI2C_DRV_MasterSendAddress
                0x000020a6       0xe6 ./board/lpi2c_driver.o
 .text.LPI2C_DRV_MasterQueueData
                0x0000218c       0x4c ./board/lpi2c_driver.o
 .text.LPI2C_DRV_SlaveEndTransfer
                0x000021d8       0x4e ./board/lpi2c_driver.o
 .text.LPI2C_DRV_MasterEndTransfer
                0x00002226       0x68 ./board/lpi2c_driver.o
 *fill*         0x0000228e        0x2 
 .text.LPI2C_DRV_MasterCompleteDMATransfer
                0x00002290       0x8c ./board/lpi2c_driver.o
 .text.LPI2C_DRV_SlaveEndTransferHandler
                0x0000231c       0x3a ./board/lpi2c_driver.o
 *fill*         0x00002356        0x2 
 .text.LPI2C_DRV_ConfigureDmaTransfer
                0x00002358       0x60 ./board/lpi2c_driver.o
 .text.LPI2C_DRV_MasterStartDmaTransfer
                0x000023b8      0x114 ./board/lpi2c_driver.o
 .text.LPI2C_DRV_SlaveStartDmaTransfer
                0x000024cc       0x9c ./board/lpi2c_driver.o
 .text.LPI2C_DRV_MasterSetBaudRate
                0x00002568      0x128 ./board/lpi2c_driver.o
                0x00002568                LPI2C_DRV_MasterSetBaudRate
 .text.LPI2C_DRV_MasterInit
                0x00002690       0xa4 ./board/lpi2c_driver.o
                0x00002690                LPI2C_DRV_MasterInit
 .text.LPI2C_DRV_MasterReinit
                0x00002734       0x5c ./board/lpi2c_driver.o
 .text.LPI2C_DRV_MasterWaitTransferEnd
                0x00002790       0xc8 ./board/lpi2c_driver.o
 .text.LPI2C_DRV_MasterSendData
                0x00002858       0x70 ./board/lpi2c_driver.o
                0x00002858                LPI2C_DRV_MasterSendData
 .text.LPI2C_DRV_MasterSendDataBlocking
                0x000028c8       0x4c ./board/lpi2c_driver.o
                0x000028c8                LPI2C_DRV_MasterSendDataBlocking
 .text.LPI2C_DRV_MasterIRQHandler
                0x00002914      0x248 ./board/lpi2c_driver.o
                0x00002914                LPI2C_DRV_MasterIRQHandler
 .text.LPI2C_DRV_SlaveIRQHandler
                0x00002b5c      0x1cc ./board/lpi2c_driver.o
                0x00002b5c                LPI2C_DRV_SlaveIRQHandler
 .text.LPI2C_Init
                0x00002d28       0x1e ./board/lpi2c_hw_access.o
                0x00002d28                LPI2C_Init
 .text.LPI2C0_Master_IRQHandler
                0x00002d46        0xa ./board/lpi2c_irq.o
                0x00002d46                LPI2C0_Master_IRQHandler
 .text.LPI2C0_Slave_IRQHandler
                0x00002d50        0xa ./board/lpi2c_irq.o
                0x00002d50                LPI2C0_Slave_IRQHandler
 *fill*         0x00002d5a        0x2 
 .text.SysTick_Handler
                0x00002d5c       0x10 ./board/osif_baremetal.o
                0x00002d5c                SysTick_Handler
 .text.OSIF_TimeDelay
                0x00002d6c       0x60 ./board/osif_baremetal.o
                0x00002d6c                OSIF_TimeDelay
 .text.OSIF_SemaWait
                0x00002dcc       0x84 ./board/osif_baremetal.o
                0x00002dcc                OSIF_SemaWait
 .text.OSIF_SemaPost
                0x00002e50       0x26 ./board/osif_baremetal.o
                0x00002e50                OSIF_SemaPost
 .text.OSIF_SemaCreate
                0x00002e76       0x14 ./board/osif_baremetal.o
                0x00002e76                OSIF_SemaCreate
 *fill*         0x00002e8a        0x2 
 .text.WDOG_disable
                0x00002e8c       0x1c ./src/main.o
                0x00002e8c                WDOG_disable
 .text.LCD_SendByte
                0x00002ea8       0x46 ./src/main.o
                0x00002ea8                LCD_SendByte
 .text.LCD_SendCommand
                0x00002eee        0xa ./src/main.o
                0x00002eee                LCD_SendCommand
 .text.LCD_SendData
                0x00002ef8        0xa ./src/main.o
                0x00002ef8                LCD_SendData
 .text.LCD_SendString
                0x00002f02       0x16 ./src/main.o
                0x00002f02                LCD_SendString
 .text.LCD_Init
                0x00002f18       0x66 ./src/main.o
                0x00002f18                LCD_Init
 *fill*         0x00002f7e        0x2 
 .text.main     0x00002f80       0x60 ./src/main.o
                0x00002f80                main
 *(.rodata)
 *(.rodata*)
 .rodata.clockNameMappings
                0x00002fe0       0x9e ./SDK/platform/drivers/src/clock/S32K1xx/clock_S32K1xx.o
                0x00002fe0                clockNameMappings
 *fill*         0x0000307e        0x2 
 .rodata.maxSysClksInHSRUN.7627
                0x00003080       0x54 ./SDK/platform/drivers/src/clock/S32K1xx/clock_S32K1xx.o
 .rodata.maxSysClksInRUN.7626
                0x000030d4       0x54 ./SDK/platform/drivers/src/clock/S32K1xx/clock_S32K1xx.o
 .rodata.maxSysClksInVLPR.7625
                0x00003128       0x54 ./SDK/platform/drivers/src/clock/S32K1xx/clock_S32K1xx.o
 .rodata.peripheralFeaturesList
                0x0000317c       0x4f ./SDK/platform/drivers/src/clock/S32K1xx/clock_S32K1xx.o
                0x0000317c                peripheralFeaturesList
 *fill*         0x000031cb        0x1 
 .rodata.g_lpi2cDMASrc
                0x000031cc        0x2 ./board/lpi2c_driver.o
 *fill*         0x000031ce        0x2 
 .rodata.main.str1.4
                0x000031d0       0x20 ./src/main.o
                                 0x1d (size before relaxing)
 *(.init)
 .init          0x000031f0        0x4 c:/nxp/s32ds.3.5/s32ds/build_tools/gcc_b1620/gcc-6.3-arm32-eabi/bin/../lib/gcc/arm-none-eabi/6.3.1/thumb/v7e-m/fpv4-sp/hard/crti.o
                0x000031f0                _init
 *(.fini)
 .fini          0x000031f4        0x4 c:/nxp/s32ds.3.5/s32ds/build_tools/gcc_b1620/gcc-6.3-arm32-eabi/bin/../lib/gcc/arm-none-eabi/6.3.1/thumb/v7e-m/fpv4-sp/hard/crti.o
                0x000031f4                _fini
 *(.eh_frame)
                0x000031f8                . = ALIGN (0x4)

.glue_7         0x000031f8        0x0
 .glue_7        0x000031f8        0x0 linker stubs

.glue_7t        0x000031f8        0x0
 .glue_7t       0x000031f8        0x0 linker stubs

.vfp11_veneer   0x000031f8        0x0
 .vfp11_veneer  0x000031f8        0x0 linker stubs

.v4_bx          0x000031f8        0x0
 .v4_bx         0x000031f8        0x0 linker stubs

.iplt           0x000031f8        0x0
 .iplt          0x000031f8        0x0 ./Project_Settings/Startup_Code/startup_S32K144.o

.rel.dyn        0x000031f8        0x0
 .rel.iplt      0x000031f8        0x0 ./Project_Settings/Startup_Code/startup_S32K144.o

.ARM            0x000031f8        0x0
                0x000031f8                __exidx_start = .
 *(.ARM.exidx*)
                0x000031f8                __exidx_end = .
                0x000031f8                __etext = .
                0x000031f8                __DATA_ROM = .

.interrupts_ram
                0x1fff8000      0x400
                0x1fff8000                . = ALIGN (0x4)
                0x1fff8000                __VECTOR_RAM__ = .
                0x1fff8000                __RAM_START = .
                0x1fff8000                __interrupts_ram_start__ = .
 *(.m_interrupts_ram)
                0x1fff8400                . = (. + M_VECTOR_RAM_SIZE)
 *fill*         0x1fff8000      0x400 
                0x1fff8400                . = ALIGN (0x4)
                0x1fff8400                __interrupts_ram_end__ = .
                0x1fff8000                __VECTOR_RAM = DEFINED (__flash_vector_table__)?ORIGIN (m_interrupts):__VECTOR_RAM__
                0x00000400                __RAM_VECTOR_TABLE_SIZE = DEFINED (__flash_vector_table__)?0x0:(__interrupts_ram_end__ - __interrupts_ram_start__)

.data           0x1fff8400      0x210 load address 0x000031f8
                0x1fff8400                . = ALIGN (0x4)
                0x1fff8400                __DATA_RAM = .
                0x1fff8400                __data_start__ = .
 *(.data)
 *(.data*)
 .data.peripheralClockConfig.7374
                0x1fff8400       0xa0 ./SDK/platform/drivers/src/clock/S32K1xx/clock_S32K1xx.o
 .data.clockMan1_InitConfig0
                0x1fff84a0       0x88 ./board/clock_config.o
                0x1fff84a0                clockMan1_InitConfig0
 .data.peripheralClockConfig0
                0x1fff8528       0xa0 ./board/clock_config.o
                0x1fff8528                peripheralClockConfig0
 .data.first_init.6874
                0x1fff85c8        0x1 ./board/osif_baremetal.o
 *fill*         0x1fff85c9        0x3 
 .data.lpi2c0_MasterConfig0
                0x1fff85cc       0x14 ./board/peripherals_lpi2c_config_1.o
                0x1fff85cc                lpi2c0_MasterConfig0
 .data.g_pin_mux_InitConfigArr0
                0x1fff85e0       0x30 ./board/pin_mux.o
                0x1fff85e0                g_pin_mux_InitConfigArr0
                0x1fff8610                . = ALIGN (0x4)
                0x1fff8610                __data_end__ = .
                0x00003408                __DATA_END = (__DATA_ROM + (__data_end__ - __data_start__))
                0x00003408                __CODE_ROM = __DATA_END

.igot.plt       0x1fff8610        0x0 load address 0x00003408
 .igot.plt      0x1fff8610        0x0 ./Project_Settings/Startup_Code/startup_S32K144.o

.code           0x1fff8610        0x0 load address 0x00003408
                0x1fff8610                . = ALIGN (0x4)
                0x1fff8610                __CODE_RAM = .
                0x1fff8610                __code_start__ = .
                0x1fff8610                __code_ram_start__ = .
 *(.code_ram)
                0x1fff8610                . = ALIGN (0x4)
                0x1fff8610                __code_end__ = .
                0x1fff8610                __code_ram_end__ = .
                0x00003408                __CODE_END = (__CODE_ROM + (__code_end__ - __code_start__))
                0x00003408                __CUSTOM_ROM = __CODE_END

.customSectionBlock
                0x20000000        0x0 load address 0x00003408
                0x20000000                __customSection_start__ = .
 *(.customSection)
                0x20000000                __customSection_end__ = .
                0x00003408                __CUSTOM_END = (__CUSTOM_ROM + (__customSection_end__ - __customSection_start__))
                0x00003408                __rom_end = __CUSTOM_END

.bss            0x20000000       0x64
                0x20000000                . = ALIGN (0x4)
                0x20000000                __BSS_START = .
                0x20000000                __bss_start__ = .
 *(.bss)
 *(.bss*)
 .bss.g_RtcClkInFreq
                0x20000000        0x4 ./SDK/platform/drivers/src/clock/S32K1xx/clock_S32K1xx.o
                0x20000000                g_RtcClkInFreq
 .bss.g_TClkFreq
                0x20000004        0xc ./SDK/platform/drivers/src/clock/S32K1xx/clock_S32K1xx.o
                0x20000004                g_TClkFreq
 .bss.g_xtal0ClkFreq
                0x20000010        0x4 ./SDK/platform/drivers/src/clock/S32K1xx/clock_S32K1xx.o
                0x20000010                g_xtal0ClkFreq
 .bss.g_interruptDisableCount
                0x20000014        0x4 ./SDK/platform/drivers/src/interrupt/interrupt_manager.o
 .bss.s_virtEdmaState
                0x20000018        0x4 ./board/edma_driver.o
 .bss.g_lpi2cMasterStatePtr
                0x2000001c        0x4 ./board/lpi2c_driver.o
 .bss.g_lpi2cSlaveStatePtr
                0x20000020        0x4 ./board/lpi2c_driver.o
 .bss.s_osif_tick_cnt
                0x20000024        0x4 ./board/osif_baremetal.o
 .bss.g_lpi2c0MasterState
                0x20000028       0x3c ./src/main.o
                0x20000028                g_lpi2c0MasterState
 *(COMMON)
                0x20000064                . = ALIGN (0x4)
                0x20000064                __bss_end__ = .
                0x20000064                __BSS_END = .

.heap           0x20000064      0x404
                0x20000068                . = ALIGN (0x8)
 *fill*         0x20000064        0x4 
                0x20000068                __end__ = .
                0x20000068                __heap_start__ = .
                0x20000068                PROVIDE (end = .)
                [!provide]                PROVIDE (_end = .)
                [!provide]                PROVIDE (__end = .)
                0x20000068                __HeapBase = .
                0x20000468                . = (. + HEAP_SIZE)
 *fill*         0x20000068      0x400 
                0x20000468                __HeapLimit = .
                0x20000468                __heap_limit = .
                0x20000468                __heap_end__ = .
                0x20007000                __StackTop = (ORIGIN (m_data_2) + LENGTH (m_data_2))
                0x20006c00                __StackLimit = (__StackTop - STACK_SIZE)
                0x20007000                PROVIDE (__stack = __StackTop)
                0x20007000                __RAM_END = __StackTop

.stack          0x20006c00      0x400
                0x20006c00                . = ALIGN (0x8)
                0x20006c00                __stack_start__ = .
                0x20007000                . = (. + STACK_SIZE)
 *fill*         0x20006c00      0x400 
                0x20007000                __stack_end__ = .

.ARM.attributes
                0x00000000       0x30
 *(.ARM.attributes)
 .ARM.attributes
                0x00000000       0x22 c:/nxp/s32ds.3.5/s32ds/build_tools/gcc_b1620/gcc-6.3-arm32-eabi/bin/../lib/gcc/arm-none-eabi/6.3.1/thumb/v7e-m/fpv4-sp/hard/crti.o
 .ARM.attributes
                0x00000022       0x1f ./Project_Settings/Startup_Code/startup_S32K144.o
 .ARM.attributes
                0x00000041       0x39 ./SDK/platform/devices/S32K144/startup/system_S32K144.o
 .ARM.attributes
                0x0000007a       0x39 ./SDK/platform/devices/startup.o
 .ARM.attributes
                0x000000b3       0x39 ./SDK/platform/drivers/src/clock/S32K1xx/clock_S32K1xx.o
 .ARM.attributes
                0x000000ec       0x39 ./SDK/platform/drivers/src/interrupt/interrupt_manager.o
 .ARM.attributes
                0x00000125       0x39 ./SDK/platform/drivers/src/pins/pins_driver.o
 .ARM.attributes
                0x0000015e       0x39 ./SDK/platform/drivers/src/pins/pins_port_hw_access.o
 .ARM.attributes
                0x00000197       0x39 ./board/clock_config.o
 .ARM.attributes
                0x000001d0       0x39 ./board/edma_driver.o
 .ARM.attributes
                0x00000209       0x39 ./board/edma_hw_access.o
 .ARM.attributes
                0x00000242       0x39 ./board/edma_irq.o
 .ARM.attributes
                0x0000027b       0x39 ./board/lpi2c_driver.o
 .ARM.attributes
                0x000002b4       0x39 ./board/lpi2c_hw_access.o
 .ARM.attributes
                0x000002ed       0x39 ./board/lpi2c_irq.o
 .ARM.attributes
                0x00000326       0x39 ./board/osif_baremetal.o
 .ARM.attributes
                0x0000035f       0x39 ./board/peripherals_lpi2c_config_1.o
 .ARM.attributes
                0x00000398       0x39 ./board/pin_mux.o
 .ARM.attributes
                0x000003d1       0x39 ./src/main.o
                0x00000001                ASSERT ((__rom_end <= (ORIGIN (m_text) + LENGTH (m_text))), Region m_text overflowed!)
                0x00000001                ASSERT ((__StackLimit >= __HeapLimit), region m_data_2 overflowed with stack and heap)
OUTPUT(LCD.elf elf32-littlearm)

.debug_line     0x00000000     0x4aeb
 .debug_line    0x00000000       0x82 ./Project_Settings/Startup_Code/startup_S32K144.o
 .debug_line    0x00000082      0x243 ./SDK/platform/devices/S32K144/startup/system_S32K144.o
 .debug_line    0x000002c5      0x16f ./SDK/platform/devices/startup.o
 .debug_line    0x00000434     0x116a ./SDK/platform/drivers/src/clock/S32K1xx/clock_S32K1xx.o
 .debug_line    0x0000159e      0x31e ./SDK/platform/drivers/src/interrupt/interrupt_manager.o
 .debug_line    0x000018bc      0x483 ./SDK/platform/drivers/src/pins/pins_driver.o
 .debug_line    0x00001d3f      0x2c8 ./SDK/platform/drivers/src/pins/pins_port_hw_access.o
 .debug_line    0x00002007      0x204 ./board/clock_config.o
 .debug_line    0x0000220b      0x8a5 ./board/edma_driver.o
 .debug_line    0x00002ab0      0x349 ./board/edma_hw_access.o
 .debug_line    0x00002df9      0x2af ./board/edma_irq.o
 .debug_line    0x000030a8      0xdfb ./board/lpi2c_driver.o
 .debug_line    0x00003ea3      0x198 ./board/lpi2c_hw_access.o
 .debug_line    0x0000403b       0x69 ./board/lpi2c_irq.o
 .debug_line    0x000040a4      0x3ac ./board/osif_baremetal.o
 .debug_line    0x00004450      0x18e ./board/peripherals_lpi2c_config_1.o
 .debug_line    0x000045de      0x1a7 ./board/pin_mux.o
 .debug_line    0x00004785      0x366 ./src/main.o

.debug_info     0x00000000    0x16d8b
 .debug_info    0x00000000       0x26 ./Project_Settings/Startup_Code/startup_S32K144.o
 .debug_info    0x00000026      0x521 ./SDK/platform/devices/S32K144/startup/system_S32K144.o
 .debug_info    0x00000547      0x2ad ./SDK/platform/devices/startup.o
 .debug_info    0x000007f4     0x5c5e ./SDK/platform/drivers/src/clock/S32K1xx/clock_S32K1xx.o
 .debug_info    0x00006452      0x997 ./SDK/platform/drivers/src/interrupt/interrupt_manager.o
 .debug_info    0x00006de9     0x13d5 ./SDK/platform/drivers/src/pins/pins_driver.o
 .debug_info    0x000081be      0x8a8 ./SDK/platform/drivers/src/pins/pins_port_hw_access.o
 .debug_info    0x00008a66     0x12b5 ./board/clock_config.o
 .debug_info    0x00009d1b     0x3770 ./board/edma_driver.o
 .debug_info    0x0000d48b      0x95d ./board/edma_hw_access.o
 .debug_info    0x0000dde8      0x6da ./board/edma_irq.o
 .debug_info    0x0000e4c2     0x575e ./board/lpi2c_driver.o
 .debug_info    0x00013c20      0x432 ./board/lpi2c_hw_access.o
 .debug_info    0x00014052       0xdc ./board/lpi2c_irq.o
 .debug_info    0x0001412e      0xac5 ./board/osif_baremetal.o
 .debug_info    0x00014bf3      0x1c9 ./board/peripherals_lpi2c_config_1.o
 .debug_info    0x00014dbc      0x405 ./board/pin_mux.o
 .debug_info    0x000151c1     0x1bca ./src/main.o

.debug_abbrev   0x00000000     0x2256
 .debug_abbrev  0x00000000       0x14 ./Project_Settings/Startup_Code/startup_S32K144.o
 .debug_abbrev  0x00000014      0x140 ./SDK/platform/devices/S32K144/startup/system_S32K144.o
 .debug_abbrev  0x00000154       0xe0 ./SDK/platform/devices/startup.o
 .debug_abbrev  0x00000234      0x3ec ./SDK/platform/drivers/src/clock/S32K1xx/clock_S32K1xx.o
 .debug_abbrev  0x00000620      0x1f4 ./SDK/platform/drivers/src/interrupt/interrupt_manager.o
 .debug_abbrev  0x00000814      0x2db ./SDK/platform/drivers/src/pins/pins_driver.o
 .debug_abbrev  0x00000aef      0x1f5 ./SDK/platform/drivers/src/pins/pins_port_hw_access.o
 .debug_abbrev  0x00000ce4      0x122 ./board/clock_config.o
 .debug_abbrev  0x00000e06      0x422 ./board/edma_driver.o
 .debug_abbrev  0x00001228      0x205 ./board/edma_hw_access.o
 .debug_abbrev  0x0000142d      0x1b8 ./board/edma_irq.o
 .debug_abbrev  0x000015e5      0x43e ./board/lpi2c_driver.o
 .debug_abbrev  0x00001a23      0x16e ./board/lpi2c_hw_access.o
 .debug_abbrev  0x00001b91       0x6c ./board/lpi2c_irq.o
 .debug_abbrev  0x00001bfd      0x2c6 ./board/osif_baremetal.o
 .debug_abbrev  0x00001ec3       0xa5 ./board/peripherals_lpi2c_config_1.o
 .debug_abbrev  0x00001f68       0xca ./board/pin_mux.o
 .debug_abbrev  0x00002032      0x224 ./src/main.o

.debug_aranges  0x00000000      0x820
 .debug_aranges
                0x00000000       0x20 ./Project_Settings/Startup_Code/startup_S32K144.o
 .debug_aranges
                0x00000020       0x30 ./SDK/platform/devices/S32K144/startup/system_S32K144.o
 .debug_aranges
                0x00000050       0x20 ./SDK/platform/devices/startup.o
 .debug_aranges
                0x00000070      0x128 ./SDK/platform/drivers/src/clock/S32K1xx/clock_S32K1xx.o
 .debug_aranges
                0x00000198       0x70 ./SDK/platform/drivers/src/interrupt/interrupt_manager.o
 .debug_aranges
                0x00000208       0xe0 ./SDK/platform/drivers/src/pins/pins_driver.o
 .debug_aranges
                0x000002e8       0x40 ./SDK/platform/drivers/src/pins/pins_port_hw_access.o
 .debug_aranges
                0x00000328       0x18 ./board/clock_config.o
 .debug_aranges
                0x00000340      0x138 ./board/edma_driver.o
 .debug_aranges
                0x00000478       0x88 ./board/edma_hw_access.o
 .debug_aranges
                0x00000500       0xa0 ./board/edma_irq.o
 .debug_aranges
                0x000005a0      0x148 ./board/lpi2c_driver.o
 .debug_aranges
                0x000006e8       0x20 ./board/lpi2c_hw_access.o
 .debug_aranges
                0x00000708       0x28 ./board/lpi2c_irq.o
 .debug_aranges
                0x00000730       0x70 ./board/osif_baremetal.o
 .debug_aranges
                0x000007a0       0x18 ./board/peripherals_lpi2c_config_1.o
 .debug_aranges
                0x000007b8       0x18 ./board/pin_mux.o
 .debug_aranges
                0x000007d0       0x50 ./src/main.o

.debug_str      0x00000000     0x847d
 .debug_str     0x00000000       0x64 ./Project_Settings/Startup_Code/startup_S32K144.o
 .debug_str     0x00000064      0x3c9 ./SDK/platform/devices/S32K144/startup/system_S32K144.o
                                0x43b (size before relaxing)
 .debug_str     0x0000042d      0x20c ./SDK/platform/devices/startup.o
                                0x42a (size before relaxing)
 .debug_str     0x00000639     0x3604 ./SDK/platform/drivers/src/clock/S32K1xx/clock_S32K1xx.o
                               0x398d (size before relaxing)
 .debug_str     0x00003c3d      0x783 ./SDK/platform/drivers/src/interrupt/interrupt_manager.o
                                0xb80 (size before relaxing)
 .debug_str     0x000043c0      0x96d ./SDK/platform/drivers/src/pins/pins_driver.o
                               0x1446 (size before relaxing)
 .debug_str     0x00004d2d      0x1a2 ./SDK/platform/drivers/src/pins/pins_port_hw_access.o
                                0x92e (size before relaxing)
 .debug_str     0x00004ecf       0x71 ./board/clock_config.o
                               0x2342 (size before relaxing)
 .debug_str     0x00004f40     0x1862 ./board/edma_driver.o
                               0x2a10 (size before relaxing)
 .debug_str     0x000067a2       0x2e ./board/edma_hw_access.o
                                0x7d4 (size before relaxing)
 .debug_str     0x000067d0      0x14a ./board/edma_irq.o
                                0x4e9 (size before relaxing)
 .debug_str     0x0000691a     0x1823 ./board/lpi2c_driver.o
                               0x340d (size before relaxing)
 .debug_str     0x0000813d       0x56 ./board/lpi2c_hw_access.o
                                0x3b7 (size before relaxing)
 .debug_str     0x00008193       0x46 ./board/lpi2c_irq.o
                                0x279 (size before relaxing)
 .debug_str     0x000081d9      0x195 ./board/osif_baremetal.o
                               0x10da (size before relaxing)
 .debug_str     0x0000836e       0x3b ./board/peripherals_lpi2c_config_1.o
                                0x3a8 (size before relaxing)
 .debug_str     0x000083a9       0x2c ./board/pin_mux.o
                                0x5f2 (size before relaxing)
 .debug_str     0x000083d5       0xa8 ./src/main.o
                               0x2694 (size before relaxing)

.debug_loc      0x00000000     0xcddf
 .debug_loc     0x00000000      0x10a ./SDK/platform/devices/S32K144/startup/system_S32K144.o
 .debug_loc     0x0000010a       0xec ./SDK/platform/devices/startup.o
 .debug_loc     0x000001f6     0x4df7 ./SDK/platform/drivers/src/clock/S32K1xx/clock_S32K1xx.o
 .debug_loc     0x00004fed      0x252 ./SDK/platform/drivers/src/interrupt/interrupt_manager.o
 .debug_loc     0x0000523f      0x77f ./SDK/platform/drivers/src/pins/pins_driver.o
 .debug_loc     0x000059be      0x56a ./SDK/platform/drivers/src/pins/pins_port_hw_access.o
 .debug_loc     0x00005f28     0x28d9 ./board/edma_driver.o
 .debug_loc     0x00008801      0x6fa ./board/edma_hw_access.o
 .debug_loc     0x00008efb       0x50 ./board/edma_irq.o
 .debug_loc     0x00008f4b     0x3a8c ./board/lpi2c_driver.o
 .debug_loc     0x0000c9d7       0x94 ./board/lpi2c_hw_access.o
 .debug_loc     0x0000ca6b      0x275 ./board/osif_baremetal.o
 .debug_loc     0x0000cce0       0xff ./src/main.o

.debug_ranges   0x00000000      0xc40
 .debug_ranges  0x00000000       0x20 ./SDK/platform/devices/S32K144/startup/system_S32K144.o
 .debug_ranges  0x00000020       0x10 ./SDK/platform/devices/startup.o
 .debug_ranges  0x00000030      0x3f0 ./SDK/platform/drivers/src/clock/S32K1xx/clock_S32K1xx.o
 .debug_ranges  0x00000420       0x98 ./SDK/platform/drivers/src/interrupt/interrupt_manager.o
 .debug_ranges  0x000004b8       0xd0 ./SDK/platform/drivers/src/pins/pins_driver.o
 .debug_ranges  0x00000588       0x30 ./SDK/platform/drivers/src/pins/pins_port_hw_access.o
 .debug_ranges  0x000005b8      0x158 ./board/edma_driver.o
 .debug_ranges  0x00000710       0x90 ./board/edma_hw_access.o
 .debug_ranges  0x000007a0       0x90 ./board/edma_irq.o
 .debug_ranges  0x00000830      0x318 ./board/lpi2c_driver.o
 .debug_ranges  0x00000b48       0x10 ./board/lpi2c_hw_access.o
 .debug_ranges  0x00000b58       0x18 ./board/lpi2c_irq.o
 .debug_ranges  0x00000b70       0x90 ./board/osif_baremetal.o
 .debug_ranges  0x00000c00       0x40 ./src/main.o

.comment        0x00000000       0x7e
 .comment       0x00000000       0x7e ./SDK/platform/devices/S32K144/startup/system_S32K144.o
                                 0x7f (size before relaxing)
 .comment       0x0000007e       0x7f ./SDK/platform/devices/startup.o
 .comment       0x0000007e       0x7f ./SDK/platform/drivers/src/clock/S32K1xx/clock_S32K1xx.o
 .comment       0x0000007e       0x7f ./SDK/platform/drivers/src/interrupt/interrupt_manager.o
 .comment       0x0000007e       0x7f ./SDK/platform/drivers/src/pins/pins_driver.o
 .comment       0x0000007e       0x7f ./SDK/platform/drivers/src/pins/pins_port_hw_access.o
 .comment       0x0000007e       0x7f ./board/clock_config.o
 .comment       0x0000007e       0x7f ./board/edma_driver.o
 .comment       0x0000007e       0x7f ./board/edma_hw_access.o
 .comment       0x0000007e       0x7f ./board/edma_irq.o
 .comment       0x0000007e       0x7f ./board/lpi2c_driver.o
 .comment       0x0000007e       0x7f ./board/lpi2c_hw_access.o
 .comment       0x0000007e       0x7f ./board/lpi2c_irq.o
 .comment       0x0000007e       0x7f ./board/osif_baremetal.o
 .comment       0x0000007e       0x7f ./board/peripherals_lpi2c_config_1.o
 .comment       0x0000007e       0x7f ./board/pin_mux.o
 .comment       0x0000007e       0x7f ./src/main.o

.debug_frame    0x00000000     0x13fc
 .debug_frame   0x00000000       0x40 ./SDK/platform/devices/S32K144/startup/system_S32K144.o
 .debug_frame   0x00000040       0x2c ./SDK/platform/devices/startup.o
 .debug_frame   0x0000006c      0x398 ./SDK/platform/drivers/src/clock/S32K1xx/clock_S32K1xx.o
 .debug_frame   0x00000404       0xd8 ./SDK/platform/drivers/src/interrupt/interrupt_manager.o
 .debug_frame   0x000004dc      0x1e4 ./SDK/platform/drivers/src/pins/pins_driver.o
 .debug_frame   0x000006c0       0x98 ./SDK/platform/drivers/src/pins/pins_port_hw_access.o
 .debug_frame   0x00000758      0x388 ./board/edma_driver.o
 .debug_frame   0x00000ae0      0x144 ./board/edma_hw_access.o
 .debug_frame   0x00000c24      0x1ac ./board/edma_irq.o
 .debug_frame   0x00000dd0      0x420 ./board/lpi2c_driver.o
 .debug_frame   0x000011f0       0x20 ./board/lpi2c_hw_access.o
 .debug_frame   0x00001210       0x40 ./board/lpi2c_irq.o
 .debug_frame   0x00001250       0xf8 ./board/osif_baremetal.o
 .debug_frame   0x00001348       0xb4 ./src/main.o
